   Compiling proc-macro2 v1.0.106
   Compiling unicode-ident v1.0.22
   Compiling quote v1.0.44
   Compiling syn v2.0.114
    Checking cfg-if v1.0.4
   Compiling libc v0.2.180
   Compiling version_check v0.9.5
   Compiling autocfg v1.5.0
    Checking pin-project-lite v0.2.16
   Compiling serde_core v1.0.228
   Compiling crossbeam-utils v0.8.21
   Compiling zerocopy v0.8.37
    Checking parking v2.2.1
   Compiling serde v1.0.228
    Checking concurrent-queue v2.5.0
   Compiling serde_derive v1.0.228
   Compiling typenum v1.19.0
    Checking futures-core v0.3.31
    Checking bitflags v2.10.0
   Compiling generic-array v0.14.7
    Checking once_cell v1.21.3
   Compiling equivalent v1.0.2
    Checking futures-io v0.3.31
   Compiling hashbrown v0.16.1
   Compiling winnow v0.7.14
   Compiling toml_parser v1.0.6+spec-1.1.0
   Compiling indexmap v2.13.0
    Checking event-listener v5.4.1
   Compiling num-traits v0.2.19
   Compiling ahash v0.8.12
    Checking lexical-util v1.0.7
   Compiling parking_lot_core v0.9.12
   Compiling toml_datetime v0.7.5+spec-1.1.0
    Checking fastrand v2.3.0
   Compiling toml_edit v0.23.10+spec-1.0.0
    Checking event-listener-strategy v0.5.4
    Checking smallvec v1.15.1
    Checking memchr v2.7.6
    Checking scopeguard v1.2.0
    Checking lock_api v0.4.14
   Compiling proc-macro-crate v3.4.0
    Checking futures-lite v2.6.1
    Checking block-buffer v0.10.4
    Checking crypto-common v0.1.7
   Compiling zvariant_utils v2.1.0
   Compiling zmij v1.0.18
   Compiling rustix v0.38.44
   Compiling rustix v1.1.3
    Checking allocator-api2 v0.2.21
    Checking hex v0.4.3
    Checking hashbrown v0.14.5
    Checking digest v0.10.7
    Checking parking_lot v0.12.5
